// Vitest Snapshot v1, https://vitest.dev/guide/snapshot.html

exports[`about.vue (vitest snapshot) > renders correctly 1`] = `
"<div id="about" data-testid="about-page" class="w-full bg-primary-bg">
  <!-- Hero -->
  <section class="page-section py-12 landscape:py-16">
    <div class="page-container flex flex-col gap-8 landscape:flex-row landscape:items-center landscape:gap-12">
      <div class="flex flex-col gap-5 landscape:max-w-xl landscape:flex-1">
        <h1 data-testid="about-hero-heading" class="page-title">about.heroHeading</h1>
        <p data-testid="about-hero-subheading" class="text-lg text-primary-text-muted landscape:text-xl">about.heroSubheading</p>
        <div class="flex flex-wrap gap-3">
          <nuxt-link-stub to="/search" class="btn btn-primary"></nuxt-link-stub>
          <nuxt-link-stub to="/submit" class="btn btn-secondary"></nuxt-link-stub>
        </div>
      </div>
      <!--
                    An <img>, not an inline SVG component, as on the homepage: the illustration
                    is 127 KB even after svgo, and inlining it puts that in the prerendered HTML
                    on the critical path. Bound rather than static so the compiler leaves the
                    public URL alone.
                --><img src="/illustrations/characters-together-welcomescreen.svg" alt="home.heroImageAlt" width="1536" height="1024" decoding="async" class="h-auto w-full self-center landscape:max-w-sm landscape:flex-1">
    </div><!-- Section navigation: plain anchors, the sticky header is 64px so targets carry scroll-mt-20 -->
    <nav aria-label="about.sectionNavLabel" class="page-container mt-10">
      <ul class="m-0 flex list-none flex-wrap gap-2 p-0">
        <li><a href="#story" class="chip h-11 px-4 transition-colors hover:border-primary hover:bg-primary/5">about.storyHeader</a></li>
        <li><a href="#impact" class="chip h-11 px-4 transition-colors hover:border-primary hover:bg-primary/5">about.impactHeader</a></li>
        <li><a href="#contributors" class="chip h-11 px-4 transition-colors hover:border-primary hover:bg-primary/5">about.contributorsHeader</a></li>
        <li><a href="#board" class="chip h-11 px-4 transition-colors hover:border-primary hover:bg-primary/5">about.boardHeader</a></li>
        <li><a href="#cofounders" class="chip h-11 px-4 transition-colors hover:border-primary hover:bg-primary/5">about.cofoundersHeader</a></li>
        <li><a href="#mascots" class="chip h-11 px-4 transition-colors hover:border-primary hover:bg-primary/5">about.mascotsHeader</a></li>
        <li><a href="#involve" class="chip h-11 px-4 transition-colors hover:border-primary hover:bg-primary/5">about.involveHeader</a></li>
      </ul>
    </nav>
  </section><!-- Our story -->
  <section id="story" data-testid="about-header-container" class="page-section scroll-mt-20 border-y border-accent-bg bg-secondary-bg">
    <div class="page-container flex flex-col gap-6">
      <h2 class="section-heading">about.storyHeader</h2>
      <div class="flex max-w-3xl flex-col gap-4 text-primary-text">
        <p data-testid="about-paragraph1">about.storyParagraph1</p>
        <p data-testid="about-paragraph2">about.storyParagraph2</p>
      </div>
    </div>
  </section><!-- Impact -->
  <section id="impact" class="page-section scroll-mt-20">
    <div class="page-container flex flex-col gap-6">
      <h2 class="section-heading">about.impactHeader</h2>
      <ul class="m-0 grid list-none grid-cols-1 gap-4 p-0 landscape:grid-cols-3">
        <li class="card px-5 py-6 text-lg font-semibold text-primary-text">home.statFacilities</li>
        <li class="card px-5 py-6 text-lg font-semibold text-primary-text">home.statProfessionals</li>
        <li class="card px-5 py-6 text-lg font-semibold text-primary-text">home.statLanguages</li>
      </ul>
    </div>
  </section><!-- Contributors -->
  <section id="contributors" class="page-section scroll-mt-20 border-y border-accent-bg bg-secondary-bg">
    <div class="page-container flex flex-col gap-8">
      <h2 class="section-heading">about.contributorsHeader</h2>
      <ul data-testid="contributors" class="m-0 grid list-none grid-cols-2 gap-8 p-0 landscape:grid-cols-4">
        <li data-testid="member">
          <member-component-stub avatarimg="/avatars/anissa_chadouli.jpg" githuburl="https://github.com/Anissa3005" linkedinurl="https://www.linkedin.com/in/anissa-chadouli/" name="Anissa Chadouli" datatestid="0" title="Developer"></member-component-stub>
        </li>
        <li data-testid="member">
          <member-component-stub avatarimg="/avatars/andrew_leemhuis.jpg" linkedinurl="https://www.linkedin.com/in/andrew-leemhuis-01482718/" name="Andrew Leemhuis" datatestid="1" title="Design"></member-component-stub>
        </li>
        <li data-testid="member">
          <member-component-stub avatarimg="/avatars/ann_kilzer.jpg" githuburl="https://github.com/ann-kilzer" name="Ann Kilzer" datatestid="2" title="Developer"></member-component-stub>
        </li>
        <li data-testid="member">
          <member-component-stub avatarimg="/avatars/anthony_lavizzo.jpg" githuburl="https://github.com/sylentwulf81" linkedinurl="https://www.linkedin.com/in/anthonylavizzo/" name="Anthony Lavizzo" datatestid="3" title="Developer"></member-component-stub>
        </li>
        <li data-testid="member">
          <member-component-stub avatarimg="/avatars/bruno_uemura.jpg" githuburl="https://github.com/bnogimauemura" linkedinurl="https://www.linkedin.com/in/bruno-nogima-uemura-21124a321/" name="Bruno Uemura" datatestid="4" title="Developer"></member-component-stub>
        </li>
        <li data-testid="member">
          <member-component-stub avatarimg="/avatars/chris_bowman.jpg" githuburl="https://github.com/ProgressChris88" linkedinurl="https://www.linkedin.com/in/bowman-chris/" name="Chris Bowman" datatestid="5" title="Developer"></member-component-stub>
        </li>
        <li data-testid="member">
          <member-component-stub avatarimg="/avatars/chunyan_li.jpg" linkedinurl="https://www.linkedin.com/in/chunyan-li-10/" name="Chunyan Li" datatestid="6" title="Public Health Expert"></member-component-stub>
        </li>
        <li data-testid="member">
          <member-component-stub avatarimg="/avatars/davide_ghezzo.jpg" githuburl="https://github.com/Ghezz9" linkedinurl="https://www.linkedin.com/in/davide-ghezzo-a91587206/" name="Davide Ghezzo" datatestid="7" title="Developer"></member-component-stub>
        </li>
        <li data-testid="member">
          <member-component-stub avatarimg="/avatars/derek_cameron.jpg" githuburl="https://github.com/deek87" linkedinurl="https://www.linkedin.com/in/derek-cameron-5b5543123/" name="Derek Cameron" datatestid="8" title="Developer"></member-component-stub>
        </li>
        <li data-testid="member">
          <member-component-stub avatarimg="/avatars/diego_mendez.jpg" githuburl="https://github.com/Diego-Bittencourt" linkedinurl="https://www.linkedin.com/in/diego-bittencourt-mendes-5b3898a8/" name="Diego Mendez" datatestid="9" title="Developer"></member-component-stub>
        </li>
        <li data-testid="member">
          <member-component-stub avatarimg="/avatars/dominik.jpg" githuburl="https://github.com/dominiksakic" name="Dominik" datatestid="10" title="Developer"></member-component-stub>
        </li>
        <li data-testid="member">
          <member-component-stub avatarimg="/avatars/eri_yawata.jpg" githuburl="https://github.com/eyawata" linkedinurl="https://www.linkedin.com/in/eriyawata/" name="Eri Yawata" datatestid="11" title="Developer"></member-component-stub>
        </li>
        <li data-testid="member">
          <member-component-stub avatarimg="/avatars/evan_peterson.jpg" githuburl="https://github.com/evan-desu" linkedinurl="https://www.linkedin.com/in/evan-peterson-desu/" name="Evan Peterson" datatestid="12" title="Developer"></member-component-stub>
        </li>
        <li data-testid="member">
          <member-component-stub avatarimg="/avatars/gustavo_minetoma.jpg" githuburl="https://github.com/gminetoma" linkedinurl="https://www.linkedin.com/in/gustavommalves/" name="Gustavo Minetoma" datatestid="13" title="Developer"></member-component-stub>
        </li>
        <li data-testid="member">
          <member-component-stub avatarimg="/avatars/jacob_chae.jpg" githuburl="https://github.com/jbcden" linkedinurl="https://www.linkedin.com/in/jacob-chae-26a862b2/" name="Jacob Chae" datatestid="14" title="Developer"></member-component-stub>
        </li>
        <li data-testid="member">
          <member-component-stub avatarimg="/avatars/jake_anderson.jpg" githuburl="https://github.com/jd-anderson88" name="Jake Anderson" datatestid="15" title="Developer"></member-component-stub>
        </li>
        <li data-testid="member">
          <member-component-stub avatarimg="/avatars/jason_sagalow.jpg" githuburl="https://github.com/ConwayDecker" linkedinurl="https://www.linkedin.com/in/jason-sagalow-76047614b/" name="Jason Sagalow" datatestid="16" title="Developer"></member-component-stub>
        </li>
        <li data-testid="member">
          <member-component-stub avatarimg="/avatars/julian_schoenfeld.jpg" githuburl="https://github.com/carved-duck" name="Julian Schoenfeld" datatestid="17" title="Developer"></member-component-stub>
        </li>
        <li data-testid="member">
          <member-component-stub avatarimg="/avatars/karen_miyazawa.jpg" githuburl="https://github.com/KSmiyazawa" linkedinurl="https://www.linkedin.com/in/ks-miyazawa/" name="Karen Miyazawa" datatestid="18" title="Developer"></member-component-stub>
        </li>
        <li data-testid="member">
          <member-component-stub avatarimg="/avatars/karl_komeya.jpg" githuburl="https://github.com/karlk08" linkedinurl="https://www.linkedin.com/in/karl-komeya-a1a64526b/" name="Karl Komeya" datatestid="19" title="Developer"></member-component-stub>
        </li>
        <li data-testid="member">
          <member-component-stub avatarimg="/avatars/kei_yumino.jpg" linkedinurl="https://www.linkedin.com/in/kei-yumino-86299861/" name="Kei Yumino" datatestid="20" title="Design"></member-component-stub>
        </li>
        <li data-testid="member">
          <member-component-stub avatarimg="/avatars/kuniko_arita.jpg" name="Kuniko Arita" datatestid="21" title="Medical &amp; Social Welfare Expert"></member-component-stub>
        </li>
        <li data-testid="member">
          <member-component-stub avatarimg="/avatars/lily.jpg" githuburl="https://github.com/Kumaguro3" name="Lily" datatestid="22" title="Developer"></member-component-stub>
        </li>
        <li data-testid="member">
          <member-component-stub avatarimg="/avatars/lisa_broersen.jpg" githuburl="https://github.com/ljbroersen" linkedinurl="https://www.linkedin.com/in/lisa-broersen/" name="Lisa Broerson" datatestid="23" title="Developer"></member-component-stub>
        </li>
        <li data-testid="member">
          <member-component-stub avatarimg="/avatars/lucy_gelderloos.jpg" githuburl="https://github.com/lucy-gelderloos" name="Lucy Gelderloos" datatestid="24" title="Developer"></member-component-stub>
        </li>
        <li data-testid="member">
          <member-component-stub avatarimg="/avatars/matthew_kurtti.jpg" githuburl="https://github.com/matthewkurtti" linkedinurl="https://www.linkedin.com/in/matthew-kurtti-737ab2123/" name="Matthew Kurtti" datatestid="25" title="Developer"></member-component-stub>
        </li>
        <li data-testid="member">
          <member-component-stub avatarimg="/avatars/nasira_nebi.jpg" githuburl="https://github.com/nasiranebi914" linkedinurl="https://www.linkedin.com/in/nasira-nebi/" name="Nasira Nebi" datatestid="26" title="Developer"></member-component-stub>
        </li>
        <li data-testid="member">
          <member-component-stub avatarimg="/avatars/natalja_dembek.jpg" githuburl="https://github.com/Ntlja" linkedinurl="https://www.linkedin.com/in/nataljadembek/" name="Natalja Dembek" datatestid="27" title="UI/UX Designer"></member-component-stub>
        </li>
        <li data-testid="member">
          <member-component-stub avatarimg="/avatars/nathaniel_smith.jpg" githuburl="https://github.com/NathanielDSmith" linkedinurl="https://www.linkedin.com/in/nathaniel-damien-smith/" name="Nathaniel Smith" datatestid="28" title="Developer"></member-component-stub>
        </li>
        <li data-testid="member">
          <member-component-stub avatarimg="/avatars/niaya_harper_igarashi.jpg" linkedinurl="https://www.linkedin.com/in/niayaharper/r" name="Niaya Harper Igarashi" datatestid="29" title="Medical &amp; Social Welfare Expert"></member-component-stub>
        </li>
        <li data-testid="member">
          <member-component-stub avatarimg="/avatars/olivier_lechevalier.jpg" githuburl="https://github.com/RageZBla" linkedinurl="https://www.linkedin.com/in/olechevalier/" name="Olivier Lechevalier" datatestid="30" title="Developer"></member-component-stub>
        </li>
        <li data-testid="member">
          <member-component-stub avatarimg="/avatars/preston_boardman.jpg" githuburl="https://github.com/prestonb91" linkedinurl="https://www.linkedin.com/in/preston-boardman-8210a671/" name="Preston Boardman" datatestid="31" title="Developer"></member-component-stub>
        </li>
        <li data-testid="member">
          <member-component-stub avatarimg="/avatars/reezan.jpg" githuburl="https://github.com/ReeAya" name="Reezan" datatestid="32" title="Developer"></member-component-stub>
        </li>
        <li data-testid="member">
          <member-component-stub avatarimg="/avatars/shashank_dangi.jpg" githuburl="https://github.com/shashankdangi" linkedinurl="https://www.linkedin.com/in/shashank-dangi/" name="Shashank Dangi" datatestid="33" title="Developer"></member-component-stub>
        </li>
        <li data-testid="member">
          <member-component-stub avatarimg="/avatars/shingo_toyoda.jpg" name="Shingo Toyoda" datatestid="34" title="Language Support"></member-component-stub>
        </li>
        <li data-testid="member">
          <member-component-stub avatarimg="/avatars/sulaymane_sillah.jpg" githuburl="https://github.com/Tch4lla" linkedinurl="https://www.linkedin.com/in/sulaymanesillah/" name="Sulaymane Sillah" datatestid="35" title="Developer"></member-component-stub>
        </li>
        <li data-testid="member">
          <member-component-stub avatarimg="/avatars/trent_shimamura.jpg" linkedinurl="https://www.linkedin.com/in/trent-golden-58811b129/" name="Trent Shimamura" datatestid="36" title="Moderation Lead"></member-component-stub>
        </li>
      </ul>
    </div>
  </section><!-- NPO board -->
  <section id="board" class="page-section scroll-mt-20">
    <div class="page-container flex flex-col gap-8">
      <h2 class="section-heading">about.boardHeader</h2>
      <ul data-testid="npo" class="m-0 grid list-none grid-cols-2 gap-8 p-0 landscape:grid-cols-4">
        <li data-testid="member">
          <member-component-stub avatarimg="/avatars/william_brammer.jpg" githuburl="https://github.com/NabbeunNabi" linkedinurl="https://www.linkedin.com/in/william-brammer/" name="William Brammer" datatestid="0" title="CEO"></member-component-stub>
        </li>
        <li data-testid="member">
          <member-component-stub avatarimg="/avatars/russell_miller.jpg" linkedinurl="https://www.linkedin.com/in/russell-miller-51a5136b/" name="Russell Miller" datatestid="1" title="President"></member-component-stub>
        </li>
        <li data-testid="member">
          <member-component-stub avatarimg="/avatars/aya_yumino.jpg" name="Aya Yumino, MD" datatestid="2" title="Medical &amp; Social Welfare Expert"></member-component-stub>
        </li>
        <li data-testid="member">
          <member-component-stub avatarimg="/avatars/aaron_culbert.jpg" githuburl="https://github.com/aaronculbert" linkedinurl="https://www.linkedin.com/in/aculbert/" name="Aaron Culbert" datatestid="3" title="CTO"></member-component-stub>
        </li>
        <li data-testid="member">
          <member-component-stub avatarimg="/avatars/kaja_swenson.jpg" linkedinurl="https://www.linkedin.com/in/kajaswenson/" name="Kaja Swenson" datatestid="4" title="Board Member"></member-component-stub>
        </li>
      </ul>
    </div>
  </section><!-- Co-founders -->
  <section id="cofounders" class="page-section scroll-mt-20 border-y border-accent-bg bg-secondary-bg">
    <div class="page-container flex flex-col gap-8">
      <h2 class="section-heading">about.cofoundersHeader</h2>
      <ul data-testid="cofounders" class="m-0 grid list-none grid-cols-2 gap-8 p-0 landscape:grid-cols-4">
        <li data-testid="member">
          <member-component-stub avatarimg="/avatars/lashawn_toyoda.jpg" githuburl="https://github.com/theyokohamalife/" linkedinurl="https://www.linkedin.com/in/lashawn-toyoda/" name="LaShawn Toyoda" datatestid="0" title="Co-Founder"></member-component-stub>
        </li>
        <li data-testid="member">
          <member-component-stub avatarimg="/avatars/philip_ermish.jpg" githuburl="https://github.com/ermish" linkedinurl="https://www.linkedin.com/in/philipermish" name="Phil Ermish" datatestid="1" title="Co-Founder"></member-component-stub>
        </li>
      </ul>
    </div>
  </section><!-- Mascots -->
  <section id="mascots" class="page-section scroll-mt-20">
    <div class="page-container flex flex-col gap-8">
      <h2 class="section-heading">about.mascotsHeader</h2>
      <ul class="m-0 grid list-none grid-cols-2 gap-6 p-0 landscape:grid-cols-5">
        <li class="card flex flex-col items-center gap-3 p-4"><img src="/illustrations/characters-awa.svg" alt="about.mascotsAwa" width="341" height="605" loading="lazy" decoding="async" class="h-28 w-auto">
          <h3 class="text-base font-semibold text-primary-text">about.mascotsAwa</h3>
        </li>
        <li class="card flex flex-col items-center gap-3 p-4"><img src="/illustrations/characters-michael.svg" alt="about.mascotsMichael" width="330" height="637" loading="lazy" decoding="async" class="h-28 w-auto">
          <h3 class="text-base font-semibold text-primary-text">about.mascotsMichael</h3>
        </li>
        <li class="card flex flex-col items-center gap-3 p-4"><img src="/illustrations/characters-tamika.svg" alt="about.mascotsTamika" width="330" height="636" loading="lazy" decoding="async" class="h-28 w-auto">
          <h3 class="text-base font-semibold text-primary-text">about.mascotsTamika</h3>
        </li>
        <li class="card flex flex-col items-center gap-3 p-4"><img src="/illustrations/characters-sachi.svg" alt="about.mascotsSachi" width="355" height="638" loading="lazy" decoding="async" class="h-28 w-auto">
          <h3 class="text-base font-semibold text-primary-text">about.mascotsSachi</h3>
        </li>
        <li class="card flex flex-col items-center gap-3 p-4"><img src="/illustrations/characters-chiko-therapy-dog-primary.svg" alt="about.mascotsChiko" width="1024" height="1024" loading="lazy" decoding="async" class="h-28 w-auto">
          <h3 class="text-base font-semibold text-primary-text">about.mascotsChiko</h3>
        </li>
      </ul>
    </div>
  </section><!-- Get involved -->
  <section id="involve" class="page-section scroll-mt-20 border-y border-accent-bg bg-secondary-bg">
    <div class="page-container flex flex-col gap-8">
      <h2 class="section-heading">about.involveHeader</h2>
      <ul class="m-0 grid list-none grid-cols-1 gap-4 p-0 landscape:grid-cols-4">
        <li>
          <nuxt-link-stub to="/submit" class="card flex items-center gap-4 p-5 transition-colors hover:border-primary hover:bg-primary/5"></nuxt-link-stub>
        </li>
        <li>
          <nuxt-link-stub to="https://docs.findadoc.jp" target="_blank" rel="noopener" class="card flex items-center gap-4 p-5 transition-colors hover:border-primary hover:bg-primary/5"></nuxt-link-stub>
        </li>
        <li>
          <nuxt-link-stub to="https://www.linkedin.com/company/find-a-doc-japan/" target="_blank" rel="noopener" class="card flex items-center gap-4 p-5 transition-colors hover:border-primary hover:bg-primary/5"></nuxt-link-stub>
        </li>
        <li>
          <nuxt-link-stub to="https://forms.gle/4E763qfaq46kEsn99" target="_blank" rel="noopener" class="card flex items-center gap-4 p-5 transition-colors hover:border-primary hover:bg-primary/5"></nuxt-link-stub>
        </li>
      </ul>
    </div>
  </section>
</div>"
`;
