// Vitest Snapshot v1, https://vitest.dev/guide/snapshot.html

exports[`privacypolicy.vue > renders correctly 1`] = `
"<section data-testid="privacy-page" class="page-section">
  <div class="page-container-narrow flex flex-col gap-8">
    <header class="flex flex-col gap-3">
      <h1 data-testid="privacy-heading" class="page-title-sm">privacyPage.heading</h1>
      <p data-testid="privacy-subheading" class="text-lg text-primary-text-muted">privacyPage.subheading</p>
      <p class="text-sm text-primary-text-muted">privacyPage.date</p>
    </header>
    <div class="prose-legal">
      <p>privacyPage.paragraph1</p>
      <h2>privacyPage.paragraph2</h2>
      <p>privacyPage.paragraph3</p>
      <h2>privacyPage.paragraph4</h2>
      <p>privacyPage.paragraph5</p>
      <h2>privacyPage.paragraph6</h2>
      <p>privacyPage.paragraph7</p>
      <h2>privacyPage.paragraph8</h2>
      <p>privacyPage.paragraph9</p>
      <h2>privacyPage.paragraph10</h2>
      <p>privacyPage.paragraph11</p>
      <h2>privacyPage.paragraph12</h2>
      <p>privacyPage.paragraph13</p>
      <h2>privacyPage.paragraph14</h2>
      <p>privacyPage.paragraph15</p>
      <p>privacyPage.paragraph16</p>
    </div>
  </div>
</section>"
`;
