// Vitest Snapshot v1, https://vitest.dev/guide/snapshot.html

exports[`submit.vue (vitest snapshot) > renders correctly 1`] = `
"<section data-testid="submit-page" class="page-section">
  <div class="page-container grid gap-10 landscape:grid-cols-[minmax(0,1fr)_minmax(0,20rem)] landscape:gap-16">
    <div class="flex flex-col gap-6">
      <h1 data-testid="submit-heading" class="page-title-sm">submitPage.heading</h1>
      <p data-testid="submit-subheading" class="text-lg text-primary-text-muted">submitPage.subheading</p>
      <form novalidate="" class="card flex flex-col gap-5 p-6">
        <div><label for="submit-googlemaps" class="field-label">submitPage.googleMaps</label><input id="submit-googlemaps" data-testid="submit-input-googlemaps" type="url" class="field" autocomplete="off" placeholder="submitPage.location">
          <!--v-if-->
        </div>
        <fieldset class="m-0 min-w-0 border-0 p-0">
          <legend class="field-label">submitPage.healthcareProfessionalName</legend>
          <div class="grid grid-cols-1 gap-3 landscape:grid-cols-2">
            <div><label for="submit-lastname" class="sr-only">submitPage.lastName</label><input id="submit-lastname" data-testid="submit-input-lastname" type="text" class="field" maxlength="30" placeholder="submitPage.lastName">
              <!--v-if-->
            </div>
            <div><label for="submit-firstname" class="sr-only">submitPage.firstName</label><input id="submit-firstname" data-testid="submit-input-firstname" type="text" class="field" maxlength="30" placeholder="submitPage.firstName">
              <!--v-if-->
            </div>
          </div>
        </fieldset>
        <div><label for="submit-language1" class="field-label">submitPage.spokenLanguage1</label><select id="submit-language1" data-testid="submit-select-language1" class="field">
            <option disabled="" value="">submitPage.selectLanguage1</option>
            <option value="en_US">English (US)</option>
            <option value="ak_GH">Akan (Ghana)</option>
            <option value="am_ET">Amharic (Ethiopia)</option>
            <option value="ar_AE">اَلْعَرَبِيَّة (United Arab Emirates)</option>
            <option value="bm_ML">Bambara (Mali)</option>
            <option value="bn_BD">Bengali (Bangladesh)</option>
            <option value="bs_BA">Bosnian (Bosnia and Herzegovina)</option>
            <option value="ca_ES">Catalan (Spain)</option>
            <option value="cs_CZ">Czech (Czech Republic)</option>
            <option value="chr_US">Cherokee (United States)</option>
            <option value="cy_GB">Welsh (United Kingdom)</option>
            <option value="da_DK">Danish (Denmark)</option>
            <option value="de_DE">German (Germany)</option>
            <option value="ee_GH">Ewe (Ghana)</option>
            <option value="el_GR">Greek (Greece)</option>
            <option value="es_ES">Spanish (Spain)</option>
            <option value="et_EE">Estonian (Estonia)</option>
            <option value="fa_AF">Persian (Afghanistan)</option>
            <option value="tl_PH">Tagalog (Philippines)</option>
            <option value="fi_FI">Finnish (Finland)</option>
            <option value="fr_FR">French (France)</option>
            <option value="guz_KE">Gusii (Kenya)</option>
            <option value="he_IL">עִבְרִית (Israel)</option>
            <option value="hi_IN">Hindi (India)</option>
            <option value="hr_HR">Croatian (Croatia)</option>
            <option value="hu_HU">Hungarian (Hungary)</option>
            <option value="hy_AM">Armenian (Armenia)</option>
            <option value="id_ID">Indonesian (Indonesia)</option>
            <option value="ig_NG">Igbo (Nigeria)</option>
            <option value="is_IS">Icelandic (Iceland)</option>
            <option value="it_IT">Italiano (Italy)</option>
            <option value="ja_JP">日本語 (Japan)</option>
            <option value="kab_DZ">Kabyle (Algeria)</option>
            <option value="km_KH">Khmer (Cambodia)</option>
            <option value="kn_IN">Kannada (India)</option>
            <option value="ko_KR">한국어 (South Korea)</option>
            <option value="lag_TZ">Langi (Tanzania)</option>
            <option value="lg_UG">Ganda (Uganda)</option>
            <option value="lv_LV">Latvian (Latvia)</option>
            <option value="nb_NO">Norwegian Bokmål (Norway)</option>
            <option value="ne_NP">Nepali (Nepal)</option>
            <option value="nl_BE">Dutch (Belgium)</option>
            <option value="pl_PL">Polish (Poland)</option>
            <option value="pt_BR">Português (Brasil)</option>
            <option value="ru_RU">Russian (Russia)</option>
            <option value="si_LK">Sinhala (Sri Lanka)</option>
            <option value="sq_AL">Albanian (Albania)</option>
            <option value="sr_Cyrl">Serbian (Cyrillic)</option>
            <option value="sw_KE">Swahili (Kenya)</option>
            <option value="th_TH">ภาษาไทย (Thailand)</option>
            <option value="tr_TR">Turkish (Turkey)</option>
            <option value="vi_VN">tiếng Việt (Vietnam)</option>
            <option value="zh_CN">Chinese (Simplified, China)</option>
            <option value="zh_HK">Chinese (Traditional, Hong Kong SAR China)</option>
            <option value="zh_TW">Chinese (Traditional, Taiwan)</option>
          </select>
          <!--v-if-->
        </div>
        <div><label for="submit-language2" class="field-label">submitPage.spokenLanguage2 <span class="font-normal text-primary-text-muted">(submitPage.optional)</span></label><select id="submit-language2" data-testid="submit-select-language2" class="field">
            <option value="">submitPage.selectLanguage2</option>
            <option value="en_US">English (US)</option>
            <option value="ak_GH">Akan (Ghana)</option>
            <option value="am_ET">Amharic (Ethiopia)</option>
            <option value="ar_AE">اَلْعَرَبِيَّة (United Arab Emirates)</option>
            <option value="bm_ML">Bambara (Mali)</option>
            <option value="bn_BD">Bengali (Bangladesh)</option>
            <option value="bs_BA">Bosnian (Bosnia and Herzegovina)</option>
            <option value="ca_ES">Catalan (Spain)</option>
            <option value="cs_CZ">Czech (Czech Republic)</option>
            <option value="chr_US">Cherokee (United States)</option>
            <option value="cy_GB">Welsh (United Kingdom)</option>
            <option value="da_DK">Danish (Denmark)</option>
            <option value="de_DE">German (Germany)</option>
            <option value="ee_GH">Ewe (Ghana)</option>
            <option value="el_GR">Greek (Greece)</option>
            <option value="es_ES">Spanish (Spain)</option>
            <option value="et_EE">Estonian (Estonia)</option>
            <option value="fa_AF">Persian (Afghanistan)</option>
            <option value="tl_PH">Tagalog (Philippines)</option>
            <option value="fi_FI">Finnish (Finland)</option>
            <option value="fr_FR">French (France)</option>
            <option value="guz_KE">Gusii (Kenya)</option>
            <option value="he_IL">עִבְרִית (Israel)</option>
            <option value="hi_IN">Hindi (India)</option>
            <option value="hr_HR">Croatian (Croatia)</option>
            <option value="hu_HU">Hungarian (Hungary)</option>
            <option value="hy_AM">Armenian (Armenia)</option>
            <option value="id_ID">Indonesian (Indonesia)</option>
            <option value="ig_NG">Igbo (Nigeria)</option>
            <option value="is_IS">Icelandic (Iceland)</option>
            <option value="it_IT">Italiano (Italy)</option>
            <option value="ja_JP">日本語 (Japan)</option>
            <option value="kab_DZ">Kabyle (Algeria)</option>
            <option value="km_KH">Khmer (Cambodia)</option>
            <option value="kn_IN">Kannada (India)</option>
            <option value="ko_KR">한국어 (South Korea)</option>
            <option value="lag_TZ">Langi (Tanzania)</option>
            <option value="lg_UG">Ganda (Uganda)</option>
            <option value="lv_LV">Latvian (Latvia)</option>
            <option value="nb_NO">Norwegian Bokmål (Norway)</option>
            <option value="ne_NP">Nepali (Nepal)</option>
            <option value="nl_BE">Dutch (Belgium)</option>
            <option value="pl_PL">Polish (Poland)</option>
            <option value="pt_BR">Português (Brasil)</option>
            <option value="ru_RU">Russian (Russia)</option>
            <option value="si_LK">Sinhala (Sri Lanka)</option>
            <option value="sq_AL">Albanian (Albania)</option>
            <option value="sr_Cyrl">Serbian (Cyrillic)</option>
            <option value="sw_KE">Swahili (Kenya)</option>
            <option value="th_TH">ภาษาไทย (Thailand)</option>
            <option value="tr_TR">Turkish (Turkey)</option>
            <option value="vi_VN">tiếng Việt (Vietnam)</option>
            <option value="zh_CN">Chinese (Simplified, China)</option>
            <option value="zh_HK">Chinese (Traditional, Hong Kong SAR China)</option>
            <option value="zh_TW">Chinese (Traditional, Taiwan)</option>
          </select>
          <!--v-if-->
        </div>
        <div><label for="submit-notes" class="field-label">submitPage.otherNotes <span class="font-normal text-primary-text-muted">(submitPage.optional)</span></label><textarea id="submit-notes" data-testid="submit-input-notes" class="field field-textarea" maxlength="300" aria-describedby="submit-notes-hint"></textarea>
          <p id="submit-notes-hint" class="field-hint">0/300 </p>
        </div><button type="submit" data-testid="submit-submitbutton" class="btn btn-primary w-full">submitPage.submitButton</button>
      </form>
    </div>
    <aside class="card flex flex-col gap-3 self-start p-6">
      <h2 class="text-lg font-semibold text-primary-text">home.contributeHeading</h2>
      <p class="text-primary-text-muted">home.contributeBody</p><img src="/illustrations/characters-sachi.svg" alt="" width="355" height="638" loading="lazy" decoding="async" class="mt-2 h-32 w-auto self-center">
    </aside>
  </div>
</section>"
`;
