// Jest Snapshot v1, https://goo.gl/fbAQLP

exports[`about.vue renders correctly 1`] = `
<div
  class="overflow-y-auto w-full"
>
  <div
    class="flex flex-col items-center px-10 md:px-32"
  >
    <!---->
    <h1
      class="mb-12 font-bold text-4xl"
      data-testid="about-heading"
    >
      about.heading
    </h1>
    <p
      class="mb-12 text-2xl"
      data-testid="about-subheading"
    >
      about.subheading
    </p>
    <p
      class="mb-6 text-md text-primary-text-muted"
      data-testid="about-paragraph1"
    >
      about.paragraph1
    </p>
    <p
      class="text-md text-primary-text-muted"
      data-testid="about-paragraph2"
    >
      about.paragraph2
    </p>
  </div>
  <div
    class="flex justify-center items-center"
    data-testid="members-header-container"
    id="members-header-container"
  >
    <div
      class="flex w-4/5 my-14"
      data-testid="members-header"
      id="members-header"
    >
      <div
        class="flex-1 border-currentColor/70 border self-center"
      />
      <div
        class="text-primary/80 text-xl font-semibold mx-4 p-2 whitespace-nowrap"
      >
        about.members
      </div>
      <div
        class="flex-1 border-currentColor/70 border self-center"
      />
    </div>
  </div>
  <div
    class="flex justify-center items-center"
    data-testid="members-container"
    id="members-container"
  >
    <div
      class="grid grid-cols-2 md:grid-cols-3 mx-4 gap-8 pb-12 md:pb-32"
      data-testid="members"
      id="members"
    >
      
      <div
        class="members-list grid"
        data-testid="member"
      >
        <div
          class="member flex flex-col items-center text-center"
        >
          <fadeintransitionimage
            alt="LaShawn Toyoda"
            border-radius="rounded-full"
            data-test-id="member-avatar-0"
            height="h-32"
            img-src="/avatars/lashawn_toyoda.jpg"
            object-styling="object-cover"
            width="w-32"
          />
          <div
            class="member-name mt-1 text-xl font-bold"
            data-testid="member-name"
          >
            LaShawn Toyoda
          </div>
          <div
            class="member-title text-md text-primary-text-muted"
            data-testid="member-title"
          >
            Founder & Executive Director
          </div>
          <div
            class="member-social flex flex-row mt-2"
          >
            <a
              class="social-link"
              data-testid="member-linkedin"
              href="https://www.linkedin.com/in/lashawn-toyoda/"
              rel="noopener noreferrer"
              target="_blank"
            >
              <!---->
            </a>
            <a
              class="social-link"
              data-testid="member-github"
              href="https://github.com/theyokohamalife/"
              rel="noopener noreferrer"
              target="_blank"
            >
              <!---->
            </a>
          </div>
        </div>
      </div>
      <div
        class="members-list grid"
        data-testid="member"
      >
        <div
          class="member flex flex-col items-center text-center"
        >
          <fadeintransitionimage
            alt="Philip Ermish"
            border-radius="rounded-full"
            data-test-id="member-avatar-1"
            height="h-32"
            img-src="/avatars/philip_ermish.jpg"
            object-styling="object-cover"
            width="w-32"
          />
          <div
            class="member-name mt-1 text-xl font-bold"
            data-testid="member-name"
          >
            Philip Ermish
          </div>
          <div
            class="member-title text-md text-primary-text-muted"
            data-testid="member-title"
          >
            Tech Lead
          </div>
          <div
            class="member-social flex flex-row mt-2"
          >
            <a
              class="social-link"
              data-testid="member-linkedin"
              href="https://www.linkedin.com/in/philipermish"
              rel="noopener noreferrer"
              target="_blank"
            >
              <!---->
            </a>
            <a
              class="social-link"
              data-testid="member-github"
              href="https://github.com/ermish"
              rel="noopener noreferrer"
              target="_blank"
            >
              <!---->
            </a>
          </div>
        </div>
      </div>
      <div
        class="members-list grid"
        data-testid="member"
      >
        <div
          class="member flex flex-col items-center text-center"
        >
          <fadeintransitionimage
            alt="Russell Miller"
            border-radius="rounded-full"
            data-test-id="member-avatar-2"
            height="h-32"
            img-src="/avatars/russell_miller.jpg"
            object-styling="object-cover"
            width="w-32"
          />
          <div
            class="member-name mt-1 text-xl font-bold"
            data-testid="member-name"
          >
            Russell Miller
          </div>
          <div
            class="member-title text-md text-primary-text-muted"
            data-testid="member-title"
          >
            Healthcare Content Lead
          </div>
          <div
            class="member-social flex flex-row mt-2"
          >
            <a
              class="social-link"
              data-testid="member-linkedin"
              href="https://www.linkedin.com/in/russell-miller-51a5136b/"
              rel="noopener noreferrer"
              target="_blank"
            >
              <!---->
            </a>
            <!--v-if-->
          </div>
        </div>
      </div>
      <div
        class="members-list grid"
        data-testid="member"
      >
        <div
          class="member flex flex-col items-center text-center"
        >
          <fadeintransitionimage
            alt="Kuniko Arita"
            border-radius="rounded-full"
            data-test-id="member-avatar-3"
            height="h-32"
            img-src="/avatars/kuniko_arita.jpg"
            object-styling="object-cover"
            width="w-32"
          />
          <div
            class="member-name mt-1 text-xl font-bold"
            data-testid="member-name"
          >
            Kuniko Arita
          </div>
          <div
            class="member-title text-md text-primary-text-muted"
            data-testid="member-title"
          >
            Medical & Social Welfare Expert
          </div>
          <div
            class="member-social flex flex-row mt-2"
          >
            <!--v-if-->
            <!--v-if-->
          </div>
        </div>
      </div>
      <div
        class="members-list grid"
        data-testid="member"
      >
        <div
          class="member flex flex-col items-center text-center"
        >
          <fadeintransitionimage
            alt="Aya Yumino, MD"
            border-radius="rounded-full"
            data-test-id="member-avatar-4"
            height="h-32"
            img-src="/avatars/aya_yumino.jpg"
            object-styling="object-cover"
            width="w-32"
          />
          <div
            class="member-name mt-1 text-xl font-bold"
            data-testid="member-name"
          >
            Aya Yumino, MD
          </div>
          <div
            class="member-title text-md text-primary-text-muted"
            data-testid="member-title"
          >
            Medical & Social Welfare Expert
          </div>
          <div
            class="member-social flex flex-row mt-2"
          >
            <!--v-if-->
            <!--v-if-->
          </div>
        </div>
      </div>
      <div
        class="members-list grid"
        data-testid="member"
      >
        <div
          class="member flex flex-col items-center text-center"
        >
          <fadeintransitionimage
            alt="Niaya Harper Igarashi"
            border-radius="rounded-full"
            data-test-id="member-avatar-5"
            height="h-32"
            img-src="/avatars/niaya_harper_igarashi.jpg"
            object-styling="object-cover"
            width="w-32"
          />
          <div
            class="member-name mt-1 text-xl font-bold"
            data-testid="member-name"
          >
            Niaya Harper Igarashi
          </div>
          <div
            class="member-title text-md text-primary-text-muted"
            data-testid="member-title"
          >
            Access, Community Outreach
          </div>
          <div
            class="member-social flex flex-row mt-2"
          >
            <a
              class="social-link"
              data-testid="member-linkedin"
              href="https://www.linkedin.com/in/niayaharper/r"
              rel="noopener noreferrer"
              target="_blank"
            >
              <!---->
            </a>
            <!--v-if-->
          </div>
        </div>
      </div>
      <div
        class="members-list grid"
        data-testid="member"
      >
        <div
          class="member flex flex-col items-center text-center"
        >
          <fadeintransitionimage
            alt="Kei Yumino"
            border-radius="rounded-full"
            data-test-id="member-avatar-6"
            height="h-32"
            img-src="/avatars/kei_yumino.jpg"
            object-styling="object-cover"
            width="w-32"
          />
          <div
            class="member-name mt-1 text-xl font-bold"
            data-testid="member-name"
          >
            Kei Yumino
          </div>
          <div
            class="member-title text-md text-primary-text-muted"
            data-testid="member-title"
          >
            Design Lead
          </div>
          <div
            class="member-social flex flex-row mt-2"
          >
            <a
              class="social-link"
              data-testid="member-linkedin"
              href="https://www.linkedin.com/in/kei-yumino-86299861/"
              rel="noopener noreferrer"
              target="_blank"
            >
              <!---->
            </a>
            <!--v-if-->
          </div>
        </div>
      </div>
      <div
        class="members-list grid"
        data-testid="member"
      >
        <div
          class="member flex flex-col items-center text-center"
        >
          <fadeintransitionimage
            alt="Emanuele Monica"
            border-radius="rounded-full"
            data-test-id="member-avatar-7"
            height="h-32"
            img-src="/avatars/emanuele_monica.jpg"
            object-styling="object-cover"
            width="w-32"
          />
          <div
            class="member-name mt-1 text-xl font-bold"
            data-testid="member-name"
          >
            Emanuele Monica
          </div>
          <div
            class="member-title text-md text-primary-text-muted"
            data-testid="member-title"
          >
            Language Support
          </div>
          <div
            class="member-social flex flex-row mt-2"
          >
            <a
              class="social-link"
              data-testid="member-linkedin"
              href="https://www.linkedin.com/in/emanuele-monica-59b93949/"
              rel="noopener noreferrer"
              target="_blank"
            >
              <!---->
            </a>
            <!--v-if-->
          </div>
        </div>
      </div>
      <div
        class="members-list grid"
        data-testid="member"
      >
        <div
          class="member flex flex-col items-center text-center"
        >
          <fadeintransitionimage
            alt="Chunyan Li"
            border-radius="rounded-full"
            data-test-id="member-avatar-8"
            height="h-32"
            img-src="/avatars/chunyan_li.jpg"
            object-styling="object-cover"
            width="w-32"
          />
          <div
            class="member-name mt-1 text-xl font-bold"
            data-testid="member-name"
          >
            Chunyan Li
          </div>
          <div
            class="member-title text-md text-primary-text-muted"
            data-testid="member-title"
          >
            Public Health Expert
          </div>
          <div
            class="member-social flex flex-row mt-2"
          >
            <a
              class="social-link"
              data-testid="member-linkedin"
              href="https://www.linkedin.com/in/chunyan-li-10/"
              rel="noopener noreferrer"
              target="_blank"
            >
              <!---->
            </a>
            <!--v-if-->
          </div>
        </div>
      </div>
      <div
        class="members-list grid"
        data-testid="member"
      >
        <div
          class="member flex flex-col items-center text-center"
        >
          <fadeintransitionimage
            alt="Andrew Leemhuis"
            border-radius="rounded-full"
            data-test-id="member-avatar-9"
            height="h-32"
            img-src="/avatars/andrew_leemhuis.jpg"
            object-styling="object-cover"
            width="w-32"
          />
          <div
            class="member-name mt-1 text-xl font-bold"
            data-testid="member-name"
          >
            Andrew Leemhuis
          </div>
          <div
            class="member-title text-md text-primary-text-muted"
            data-testid="member-title"
          >
            Design
          </div>
          <div
            class="member-social flex flex-row mt-2"
          >
            <a
              class="social-link"
              data-testid="member-linkedin"
              href="https://www.linkedin.com/in/andrew-leemhuis-01482718/"
              rel="noopener noreferrer"
              target="_blank"
            >
              <!---->
            </a>
            <!--v-if-->
          </div>
        </div>
      </div>
      <div
        class="members-list grid"
        data-testid="member"
      >
        <div
          class="member flex flex-col items-center text-center"
        >
          <fadeintransitionimage
            alt="Shingo Toyoda"
            border-radius="rounded-full"
            data-test-id="member-avatar-10"
            height="h-32"
            img-src="/avatars/shingo_toyoda.jpg"
            object-styling="object-cover"
            width="w-32"
          />
          <div
            class="member-name mt-1 text-xl font-bold"
            data-testid="member-name"
          >
            Shingo Toyoda
          </div>
          <div
            class="member-title text-md text-primary-text-muted"
            data-testid="member-title"
          >
            Language Support
          </div>
          <div
            class="member-social flex flex-row mt-2"
          >
            <!--v-if-->
            <!--v-if-->
          </div>
        </div>
      </div>
      <div
        class="members-list grid"
        data-testid="member"
      >
        <div
          class="member flex flex-col items-center text-center"
        >
          <fadeintransitionimage
            alt="Natalja Dembek"
            border-radius="rounded-full"
            data-test-id="member-avatar-11"
            height="h-32"
            img-src="/avatars/natalja_dembek.jpg"
            object-styling="object-cover"
            width="w-32"
          />
          <div
            class="member-name mt-1 text-xl font-bold"
            data-testid="member-name"
          >
            Natalja Dembek
          </div>
          <div
            class="member-title text-md text-primary-text-muted"
            data-testid="member-title"
          >
            UI/UX Designer
          </div>
          <div
            class="member-social flex flex-row mt-2"
          >
            <a
              class="social-link"
              data-testid="member-linkedin"
              href="https://www.linkedin.com/in/nataljadembek/"
              rel="noopener noreferrer"
              target="_blank"
            >
              <!---->
            </a>
            <a
              class="social-link"
              data-testid="member-github"
              href="https://github.com/Ntlja"
              rel="noopener noreferrer"
              target="_blank"
            >
              <!---->
            </a>
          </div>
        </div>
      </div>
      
    </div>
  </div>
</div>
`;
