// Jest Snapshot v1, https://goo.gl/fbAQLP

exports[`about.vue renders correctly 1`] = `
<div
  class="overflow-y-auto w-full bg-primary-bg"
>
  <!-- Hero Section  -->
  <div
    class="relative flex flex-col items-center p-10 md:p-14"
  >
    <!-- &lt;div class="absolute inset-0 bg-black/30"&gt;&lt;/div&gt; -->
    <!---->
    <h1
      class="mb-12 font-bold text-4xl text-primary-text text-center z-10"
      data-testid="about-hero-heading"
    >
      about.heroHeading
    </h1>
    <p
      class="mb-12 text-2xl text-primary-text text-center z-10"
      data-testid="about-hero-subheading"
    >
      about.heroSubheading
    </p>
    <div
      class="flex gap-8 mb-4 z-10"
    >
      <nuxt-link-stub
        class="outline outline-1 rounded-xl p-4 bg-primary text-primary-text-inverted text-lg font-bold transition-colors text-center"
        to="/"
      />
      <button
        class="outline outline-1 outline-primary/70 rounded-xl text-primary font-bold text-xl p-4 shadow-lg text-center"
      >
        about.heroLearnMore
      </button>
    </div>
    <!---->
  </div>
  <!-- Our Story section -->
  <div
    class="flex justify-center items-center"
    data-testid="about-header-container"
    id="about-header-container"
  >
    <div
      class="flex w-4/5 my-12"
      data-testid="about-header"
      id="about-header"
    >
      <div
        class="flex-1 border-currentColor/70 border self-center"
      />
      <div
        class="text-primary-text text-2xl font-bold mx-4 p-2 whitespace-nowrap"
      >
        about.storyHeader
      </div>
      <div
        class="flex-1 border-currentColor/70 border self-center"
      />
    </div>
  </div>
  <div
    class="flex flex-col items-center px-10 md:px-32"
    id="about-findadoc-section"
  >
    <p
      class="mb-6 text-md text-primary-text text-center"
      data-testid="about-paragraph1"
    >
      about.storyParagraph1
    </p>
    <p
      class="text-md text-primary-text text-center"
      data-testid="about-paragraph2"
    >
      about.storyParagraph2
    </p>
    <!-- Scroll buttons -->
    <nav
      class="w-full flex justify-center my-6 md:p-10"
      id="button-section"
    >
      <div
        class="grid grid-cols-1 gap-4 gap-y-8 mt-10 md:grid-cols-5 md:mr-8 md:w-4/5 md:flex md:justify-around"
      >
        <button
          class="outline outline-1 outline-primary/70 rounded-xl text-primary hover:text-primary-text-inverted hover:bg-primary font-bold text-xl p-4 shadow-lg text-center"
        >
          about.btnImpact
        </button>
        <button
          class="outline outline-1 outline-primary/70 rounded-xl text-primary hover:text-primary-text-inverted hover:bg-primary font-bold text-xl p-4 shadow-lg"
        >
          about.btnContributors
        </button>
        <button
          class="outline outline-1 outline-primary/70 rounded-xl text-primary hover:text-primary-text-inverted hover:bg-primary font-bold text-xl p-4 shadow-lg"
        >
          about.btnBoard
        </button>
        <button
          class="outline outline-1 outline-primary/70 rounded-xl text-primary hover:text-primary-text-inverted hover:bg-primary font-bold text-xl p-4 shadow-lg"
        >
          about.btnMascots
        </button>
        <button
          class="outline outline-1 outline-primary/70 rounded-xl text-primary hover:text-primary-text-inverted hover:bg-primary font-bold text-xl p-4 shadow-lg"
        >
          about.btnInvolve
        </button>
      </div>
    </nav>
  </div>
  <!-- Impact Section  -->
  <div
    class="flex justify-center items-center"
    data-testid="impact-header-container"
    id="impact-header-container"
  >
    <div
      class="flex w-4/5 my-14"
      data-testid="impact-header"
      id="impact-header"
    >
      <div
        class="flex-1 border-currentColor/70 border self-center"
      />
      <div
        class="text-primary-text text-2xl font-bold mx-4 p-2 whitespace-nowrap"
      >
        about.impactHeader
      </div>
      <div
        class="flex-1 border-currentColor/70 border self-center"
      />
    </div>
  </div>
  <div
    class="grid grid-cols-1 md:grid-cols-3 my-0 md:my-12"
  >
    <div
      class="flex flex-col items-center my-6 md:my-0"
    >
      <!---->
      <p
        class="font-semibold text-xl text-primary-text"
      >
        about.impactDoctors
      </p>
    </div>
    <div
      class="flex flex-col items-center my-6 md:my-0"
    >
      <!---->
      <p
        class="font-semibold text-xl text-primary-text"
      >
        about.impactUsers
      </p>
    </div>
    <div
      class="flex flex-col items-center my-6 md:my-0"
    >
      <!---->
      <p
        class="font-semibold text-xl text-primary-text"
      >
        about.impactVolunteer
      </p>
    </div>
  </div>
  <!-- Contributor Section -->
  <div
    class="flex justify-center items-center my-4"
    data-testid="contributor-header-container"
    id="contributor-header-container"
  >
    <div
      class="flex w-4/5 my-14"
      data-testid="members-header"
      id="contributor-header"
    >
      <div
        class="flex-1 border-currentColor/70 border self-center"
      />
      <div
        class="text-primary-text text-2xl font-bold mx-4 p-2 whitespace-nowrap"
      >
        about.contributorsHeader
      </div>
      <div
        class="flex-1 border-currentColor/70 border self-center"
      />
    </div>
  </div>
  <div
    class="flex justify-center items-center"
    data-testid="contributor-container"
    id="contributor-container"
  >
    <div
      class="grid grid-cols-2 md:grid-cols-5 mx-4 gap-16 pb-10 md:pb-12"
      data-testid="contributors"
      id="contributors"
    >
      
      <div
        class="members-list grid"
        data-testid="member"
      >
        <div
          class="member flex flex-col items-center text-center"
        >
          <fade-in-transition-image-stub
            alt="Aaron Culbert"
            border-radius="rounded-full"
            data-test-id="member-avatar-0"
            height="h-32"
            img-src="/avatars/aaron_culbert.jpg"
            object-styling="object-cover"
            width="w-32"
          />
          <div
            class="member-name mt-1 text-xl font-bold"
            data-testid="member-name"
          >
            Aaron Culbert
          </div>
          <div
            class="member-title text-md text-primary-text-muted"
            data-testid="member-title"
          >
            Developer
          </div>
          <div
            class="member-social flex flex-row mt-2"
          >
            <a
              class="social-link"
              data-testid="member-linkedin"
              href="https://www.linkedin.com/in/aculbert/"
              rel="noopener noreferrer"
              target="_blank"
            >
              <!---->
            </a>
            <a
              class="social-link"
              data-testid="member-github"
              href="https://github.com/aaronculbert"
              rel="noopener noreferrer"
              target="_blank"
            >
              <!---->
            </a>
          </div>
        </div>
      </div>
      <div
        class="members-list grid"
        data-testid="member"
      >
        <div
          class="member flex flex-col items-center text-center"
        >
          <fade-in-transition-image-stub
            alt="Anissa Chadouli"
            border-radius="rounded-full"
            data-test-id="member-avatar-1"
            height="h-32"
            img-src="/avatars/anissa_chadouli.jpg"
            object-styling="object-cover"
            width="w-32"
          />
          <div
            class="member-name mt-1 text-xl font-bold"
            data-testid="member-name"
          >
            Anissa Chadouli
          </div>
          <div
            class="member-title text-md text-primary-text-muted"
            data-testid="member-title"
          >
            Developer
          </div>
          <div
            class="member-social flex flex-row mt-2"
          >
            <a
              class="social-link"
              data-testid="member-linkedin"
              href="https://www.linkedin.com/in/anissa-chadouli/"
              rel="noopener noreferrer"
              target="_blank"
            >
              <!---->
            </a>
            <a
              class="social-link"
              data-testid="member-github"
              href="https://github.com/Anissa3005"
              rel="noopener noreferrer"
              target="_blank"
            >
              <!---->
            </a>
          </div>
        </div>
      </div>
      <div
        class="members-list grid"
        data-testid="member"
      >
        <div
          class="member flex flex-col items-center text-center"
        >
          <fade-in-transition-image-stub
            alt="Andrew Leemhuis"
            border-radius="rounded-full"
            data-test-id="member-avatar-2"
            height="h-32"
            img-src="/avatars/andrew_leemhuis.jpg"
            object-styling="object-cover"
            width="w-32"
          />
          <div
            class="member-name mt-1 text-xl font-bold"
            data-testid="member-name"
          >
            Andrew Leemhuis
          </div>
          <div
            class="member-title text-md text-primary-text-muted"
            data-testid="member-title"
          >
            Design
          </div>
          <div
            class="member-social flex flex-row mt-2"
          >
            <a
              class="social-link"
              data-testid="member-linkedin"
              href="https://www.linkedin.com/in/andrew-leemhuis-01482718/"
              rel="noopener noreferrer"
              target="_blank"
            >
              <!---->
            </a>
            <!--v-if-->
          </div>
        </div>
      </div>
      <div
        class="members-list grid"
        data-testid="member"
      >
        <div
          class="member flex flex-col items-center text-center"
        >
          <fade-in-transition-image-stub
            alt="Ann Kilzer"
            border-radius="rounded-full"
            data-test-id="member-avatar-3"
            height="h-32"
            img-src="/avatars/ann_kilzer.jpg"
            object-styling="object-cover"
            width="w-32"
          />
          <div
            class="member-name mt-1 text-xl font-bold"
            data-testid="member-name"
          >
            Ann Kilzer
          </div>
          <div
            class="member-title text-md text-primary-text-muted"
            data-testid="member-title"
          >
            Developer
          </div>
          <div
            class="member-social flex flex-row mt-2"
          >
            <!--v-if-->
            <a
              class="social-link"
              data-testid="member-github"
              href="https://github.com/ann-kilzer"
              rel="noopener noreferrer"
              target="_blank"
            >
              <!---->
            </a>
          </div>
        </div>
      </div>
      <div
        class="members-list grid"
        data-testid="member"
      >
        <div
          class="member flex flex-col items-center text-center"
        >
          <fade-in-transition-image-stub
            alt="Anthony Lavizzo"
            border-radius="rounded-full"
            data-test-id="member-avatar-4"
            height="h-32"
            img-src="/avatars/anthony_lavizzo.jpg"
            object-styling="object-cover"
            width="w-32"
          />
          <div
            class="member-name mt-1 text-xl font-bold"
            data-testid="member-name"
          >
            Anthony Lavizzo
          </div>
          <div
            class="member-title text-md text-primary-text-muted"
            data-testid="member-title"
          >
            Developer
          </div>
          <div
            class="member-social flex flex-row mt-2"
          >
            <a
              class="social-link"
              data-testid="member-linkedin"
              href="https://www.linkedin.com/in/anthonylavizzo/"
              rel="noopener noreferrer"
              target="_blank"
            >
              <!---->
            </a>
            <a
              class="social-link"
              data-testid="member-github"
              href="https://github.com/sylentwulf81"
              rel="noopener noreferrer"
              target="_blank"
            >
              <!---->
            </a>
          </div>
        </div>
      </div>
      <div
        class="members-list grid"
        data-testid="member"
      >
        <div
          class="member flex flex-col items-center text-center"
        >
          <fade-in-transition-image-stub
            alt="Bruno Uemura"
            border-radius="rounded-full"
            data-test-id="member-avatar-5"
            height="h-32"
            img-src="/avatars/bruno_uemura.jpg"
            object-styling="object-cover"
            width="w-32"
          />
          <div
            class="member-name mt-1 text-xl font-bold"
            data-testid="member-name"
          >
            Bruno Uemura
          </div>
          <div
            class="member-title text-md text-primary-text-muted"
            data-testid="member-title"
          >
            Developer
          </div>
          <div
            class="member-social flex flex-row mt-2"
          >
            <a
              class="social-link"
              data-testid="member-linkedin"
              href="https://www.linkedin.com/in/bruno-nogima-uemura-21124a321/"
              rel="noopener noreferrer"
              target="_blank"
            >
              <!---->
            </a>
            <a
              class="social-link"
              data-testid="member-github"
              href="https://github.com/bnogimauemura"
              rel="noopener noreferrer"
              target="_blank"
            >
              <!---->
            </a>
          </div>
        </div>
      </div>
      <div
        class="members-list grid"
        data-testid="member"
      >
        <div
          class="member flex flex-col items-center text-center"
        >
          <fade-in-transition-image-stub
            alt="Chris Bowman"
            border-radius="rounded-full"
            data-test-id="member-avatar-6"
            height="h-32"
            img-src="/avatars/chris_bowman.jpg"
            object-styling="object-cover"
            width="w-32"
          />
          <div
            class="member-name mt-1 text-xl font-bold"
            data-testid="member-name"
          >
            Chris Bowman
          </div>
          <div
            class="member-title text-md text-primary-text-muted"
            data-testid="member-title"
          >
            Developer
          </div>
          <div
            class="member-social flex flex-row mt-2"
          >
            <a
              class="social-link"
              data-testid="member-linkedin"
              href="https://www.linkedin.com/in/bowman-chris/"
              rel="noopener noreferrer"
              target="_blank"
            >
              <!---->
            </a>
            <a
              class="social-link"
              data-testid="member-github"
              href="https://github.com/ProgressChris88"
              rel="noopener noreferrer"
              target="_blank"
            >
              <!---->
            </a>
          </div>
        </div>
      </div>
      <div
        class="members-list grid"
        data-testid="member"
      >
        <div
          class="member flex flex-col items-center text-center"
        >
          <fade-in-transition-image-stub
            alt="Chunyan Li"
            border-radius="rounded-full"
            data-test-id="member-avatar-7"
            height="h-32"
            img-src="/avatars/chunyan_li.jpg"
            object-styling="object-cover"
            width="w-32"
          />
          <div
            class="member-name mt-1 text-xl font-bold"
            data-testid="member-name"
          >
            Chunyan Li
          </div>
          <div
            class="member-title text-md text-primary-text-muted"
            data-testid="member-title"
          >
            Public Health Expert
          </div>
          <div
            class="member-social flex flex-row mt-2"
          >
            <a
              class="social-link"
              data-testid="member-linkedin"
              href="https://www.linkedin.com/in/chunyan-li-10/"
              rel="noopener noreferrer"
              target="_blank"
            >
              <!---->
            </a>
            <!--v-if-->
          </div>
        </div>
      </div>
      <div
        class="members-list grid"
        data-testid="member"
      >
        <div
          class="member flex flex-col items-center text-center"
        >
          <fade-in-transition-image-stub
            alt="Davide Ghezzo"
            border-radius="rounded-full"
            data-test-id="member-avatar-8"
            height="h-32"
            img-src="/avatars/davide_ghezzo.jpg"
            object-styling="object-cover"
            width="w-32"
          />
          <div
            class="member-name mt-1 text-xl font-bold"
            data-testid="member-name"
          >
            Davide Ghezzo
          </div>
          <div
            class="member-title text-md text-primary-text-muted"
            data-testid="member-title"
          >
            Developer
          </div>
          <div
            class="member-social flex flex-row mt-2"
          >
            <a
              class="social-link"
              data-testid="member-linkedin"
              href="https://www.linkedin.com/in/davide-ghezzo-a91587206/"
              rel="noopener noreferrer"
              target="_blank"
            >
              <!---->
            </a>
            <a
              class="social-link"
              data-testid="member-github"
              href="https://github.com/Ghezz9"
              rel="noopener noreferrer"
              target="_blank"
            >
              <!---->
            </a>
          </div>
        </div>
      </div>
      <div
        class="members-list grid"
        data-testid="member"
      >
        <div
          class="member flex flex-col items-center text-center"
        >
          <fade-in-transition-image-stub
            alt="Derek Cameron"
            border-radius="rounded-full"
            data-test-id="member-avatar-9"
            height="h-32"
            img-src="/avatars/derek_cameron.jpg"
            object-styling="object-cover"
            width="w-32"
          />
          <div
            class="member-name mt-1 text-xl font-bold"
            data-testid="member-name"
          >
            Derek Cameron
          </div>
          <div
            class="member-title text-md text-primary-text-muted"
            data-testid="member-title"
          >
            Developer
          </div>
          <div
            class="member-social flex flex-row mt-2"
          >
            <a
              class="social-link"
              data-testid="member-linkedin"
              href="https://www.linkedin.com/in/derek-cameron-5b5543123/"
              rel="noopener noreferrer"
              target="_blank"
            >
              <!---->
            </a>
            <a
              class="social-link"
              data-testid="member-github"
              href="https://github.com/deek87"
              rel="noopener noreferrer"
              target="_blank"
            >
              <!---->
            </a>
          </div>
        </div>
      </div>
      <div
        class="members-list grid"
        data-testid="member"
      >
        <div
          class="member flex flex-col items-center text-center"
        >
          <fade-in-transition-image-stub
            alt="Diego Mendez"
            border-radius="rounded-full"
            data-test-id="member-avatar-10"
            height="h-32"
            img-src="/avatars/diego_mendez.jpg"
            object-styling="object-cover"
            width="w-32"
          />
          <div
            class="member-name mt-1 text-xl font-bold"
            data-testid="member-name"
          >
            Diego Mendez
          </div>
          <div
            class="member-title text-md text-primary-text-muted"
            data-testid="member-title"
          >
            Developer
          </div>
          <div
            class="member-social flex flex-row mt-2"
          >
            <a
              class="social-link"
              data-testid="member-linkedin"
              href="https://www.linkedin.com/in/diego-bittencourt-mendes-5b3898a8/"
              rel="noopener noreferrer"
              target="_blank"
            >
              <!---->
            </a>
            <a
              class="social-link"
              data-testid="member-github"
              href="https://github.com/Diego-Bittencourt"
              rel="noopener noreferrer"
              target="_blank"
            >
              <!---->
            </a>
          </div>
        </div>
      </div>
      <div
        class="members-list grid"
        data-testid="member"
      >
        <div
          class="member flex flex-col items-center text-center"
        >
          <fade-in-transition-image-stub
            alt="Dominik"
            border-radius="rounded-full"
            data-test-id="member-avatar-11"
            height="h-32"
            img-src="/avatars/dominik.jpg"
            object-styling="object-cover"
            width="w-32"
          />
          <div
            class="member-name mt-1 text-xl font-bold"
            data-testid="member-name"
          >
            Dominik
          </div>
          <div
            class="member-title text-md text-primary-text-muted"
            data-testid="member-title"
          >
            Developer
          </div>
          <div
            class="member-social flex flex-row mt-2"
          >
            <!--v-if-->
            <a
              class="social-link"
              data-testid="member-github"
              href="https://github.com/dominiksakic"
              rel="noopener noreferrer"
              target="_blank"
            >
              <!---->
            </a>
          </div>
        </div>
      </div>
      <div
        class="members-list grid"
        data-testid="member"
      >
        <div
          class="member flex flex-col items-center text-center"
        >
          <fade-in-transition-image-stub
            alt="Eri Yawata"
            border-radius="rounded-full"
            data-test-id="member-avatar-12"
            height="h-32"
            img-src="/avatars/eri_yawata.jpg"
            object-styling="object-cover"
            width="w-32"
          />
          <div
            class="member-name mt-1 text-xl font-bold"
            data-testid="member-name"
          >
            Eri Yawata
          </div>
          <div
            class="member-title text-md text-primary-text-muted"
            data-testid="member-title"
          >
            Developer
          </div>
          <div
            class="member-social flex flex-row mt-2"
          >
            <a
              class="social-link"
              data-testid="member-linkedin"
              href="https://www.linkedin.com/in/eriyawata/"
              rel="noopener noreferrer"
              target="_blank"
            >
              <!---->
            </a>
            <a
              class="social-link"
              data-testid="member-github"
              href="https://github.com/eyawata"
              rel="noopener noreferrer"
              target="_blank"
            >
              <!---->
            </a>
          </div>
        </div>
      </div>
      <div
        class="members-list grid"
        data-testid="member"
      >
        <div
          class="member flex flex-col items-center text-center"
        >
          <fade-in-transition-image-stub
            alt="Evan Peterson"
            border-radius="rounded-full"
            data-test-id="member-avatar-13"
            height="h-32"
            img-src="/avatars/evan_peterson.jpg"
            object-styling="object-cover"
            width="w-32"
          />
          <div
            class="member-name mt-1 text-xl font-bold"
            data-testid="member-name"
          >
            Evan Peterson
          </div>
          <div
            class="member-title text-md text-primary-text-muted"
            data-testid="member-title"
          >
            Developer
          </div>
          <div
            class="member-social flex flex-row mt-2"
          >
            <a
              class="social-link"
              data-testid="member-linkedin"
              href="https://www.linkedin.com/in/evan-peterson-desu/"
              rel="noopener noreferrer"
              target="_blank"
            >
              <!---->
            </a>
            <a
              class="social-link"
              data-testid="member-github"
              href="https://github.com/evan-desu"
              rel="noopener noreferrer"
              target="_blank"
            >
              <!---->
            </a>
          </div>
        </div>
      </div>
      <div
        class="members-list grid"
        data-testid="member"
      >
        <div
          class="member flex flex-col items-center text-center"
        >
          <fade-in-transition-image-stub
            alt="Gustavo Minetoma"
            border-radius="rounded-full"
            data-test-id="member-avatar-14"
            height="h-32"
            img-src="/avatars/gustavo_minetoma.jpg"
            object-styling="object-cover"
            width="w-32"
          />
          <div
            class="member-name mt-1 text-xl font-bold"
            data-testid="member-name"
          >
            Gustavo Minetoma
          </div>
          <div
            class="member-title text-md text-primary-text-muted"
            data-testid="member-title"
          >
            Developer
          </div>
          <div
            class="member-social flex flex-row mt-2"
          >
            <a
              class="social-link"
              data-testid="member-linkedin"
              href="https://www.linkedin.com/in/gustavommalves/"
              rel="noopener noreferrer"
              target="_blank"
            >
              <!---->
            </a>
            <a
              class="social-link"
              data-testid="member-github"
              href="https://github.com/gminetoma"
              rel="noopener noreferrer"
              target="_blank"
            >
              <!---->
            </a>
          </div>
        </div>
      </div>
      <div
        class="members-list grid"
        data-testid="member"
      >
        <div
          class="member flex flex-col items-center text-center"
        >
          <fade-in-transition-image-stub
            alt="Jacob Chae"
            border-radius="rounded-full"
            data-test-id="member-avatar-15"
            height="h-32"
            img-src="/avatars/jacob_chae.jpg"
            object-styling="object-cover"
            width="w-32"
          />
          <div
            class="member-name mt-1 text-xl font-bold"
            data-testid="member-name"
          >
            Jacob Chae
          </div>
          <div
            class="member-title text-md text-primary-text-muted"
            data-testid="member-title"
          >
            Developer
          </div>
          <div
            class="member-social flex flex-row mt-2"
          >
            <a
              class="social-link"
              data-testid="member-linkedin"
              href="https://www.linkedin.com/in/jacob-chae-26a862b2/"
              rel="noopener noreferrer"
              target="_blank"
            >
              <!---->
            </a>
            <a
              class="social-link"
              data-testid="member-github"
              href="https://github.com/jbcden"
              rel="noopener noreferrer"
              target="_blank"
            >
              <!---->
            </a>
          </div>
        </div>
      </div>
      <div
        class="members-list grid"
        data-testid="member"
      >
        <div
          class="member flex flex-col items-center text-center"
        >
          <fade-in-transition-image-stub
            alt="Jake Anderson"
            border-radius="rounded-full"
            data-test-id="member-avatar-16"
            height="h-32"
            img-src="/avatars/jake_anderson.jpg"
            object-styling="object-cover"
            width="w-32"
          />
          <div
            class="member-name mt-1 text-xl font-bold"
            data-testid="member-name"
          >
            Jake Anderson
          </div>
          <div
            class="member-title text-md text-primary-text-muted"
            data-testid="member-title"
          >
            Developer
          </div>
          <div
            class="member-social flex flex-row mt-2"
          >
            <!--v-if-->
            <a
              class="social-link"
              data-testid="member-github"
              href="https://github.com/jd-anderson88"
              rel="noopener noreferrer"
              target="_blank"
            >
              <!---->
            </a>
          </div>
        </div>
      </div>
      <div
        class="members-list grid"
        data-testid="member"
      >
        <div
          class="member flex flex-col items-center text-center"
        >
          <fade-in-transition-image-stub
            alt="Jason Sagalow"
            border-radius="rounded-full"
            data-test-id="member-avatar-17"
            height="h-32"
            img-src="/avatars/jason_sagalow.jpg"
            object-styling="object-cover"
            width="w-32"
          />
          <div
            class="member-name mt-1 text-xl font-bold"
            data-testid="member-name"
          >
            Jason Sagalow
          </div>
          <div
            class="member-title text-md text-primary-text-muted"
            data-testid="member-title"
          >
            Developer
          </div>
          <div
            class="member-social flex flex-row mt-2"
          >
            <a
              class="social-link"
              data-testid="member-linkedin"
              href="https://www.linkedin.com/in/jason-sagalow-76047614b/"
              rel="noopener noreferrer"
              target="_blank"
            >
              <!---->
            </a>
            <a
              class="social-link"
              data-testid="member-github"
              href="https://github.com/ConwayDecker"
              rel="noopener noreferrer"
              target="_blank"
            >
              <!---->
            </a>
          </div>
        </div>
      </div>
      <div
        class="members-list grid"
        data-testid="member"
      >
        <div
          class="member flex flex-col items-center text-center"
        >
          <fade-in-transition-image-stub
            alt="Julian Schoenfeld"
            border-radius="rounded-full"
            data-test-id="member-avatar-18"
            height="h-32"
            img-src="/avatars/julian_schoenfeld.jpg"
            object-styling="object-cover"
            width="w-32"
          />
          <div
            class="member-name mt-1 text-xl font-bold"
            data-testid="member-name"
          >
            Julian Schoenfeld
          </div>
          <div
            class="member-title text-md text-primary-text-muted"
            data-testid="member-title"
          >
            Developer
          </div>
          <div
            class="member-social flex flex-row mt-2"
          >
            <!--v-if-->
            <a
              class="social-link"
              data-testid="member-github"
              href="https://github.com/carved-duck"
              rel="noopener noreferrer"
              target="_blank"
            >
              <!---->
            </a>
          </div>
        </div>
      </div>
      <div
        class="members-list grid"
        data-testid="member"
      >
        <div
          class="member flex flex-col items-center text-center"
        >
          <fade-in-transition-image-stub
            alt="Karen Miyazawa"
            border-radius="rounded-full"
            data-test-id="member-avatar-19"
            height="h-32"
            img-src="/avatars/karen_miyazawa.jpg"
            object-styling="object-cover"
            width="w-32"
          />
          <div
            class="member-name mt-1 text-xl font-bold"
            data-testid="member-name"
          >
            Karen Miyazawa
          </div>
          <div
            class="member-title text-md text-primary-text-muted"
            data-testid="member-title"
          >
            Developer
          </div>
          <div
            class="member-social flex flex-row mt-2"
          >
            <a
              class="social-link"
              data-testid="member-linkedin"
              href="https://www.linkedin.com/in/ks-miyazawa/"
              rel="noopener noreferrer"
              target="_blank"
            >
              <!---->
            </a>
            <a
              class="social-link"
              data-testid="member-github"
              href="https://github.com/KSmiyazawa"
              rel="noopener noreferrer"
              target="_blank"
            >
              <!---->
            </a>
          </div>
        </div>
      </div>
      <div
        class="members-list grid"
        data-testid="member"
      >
        <div
          class="member flex flex-col items-center text-center"
        >
          <fade-in-transition-image-stub
            alt="Karl Komeya"
            border-radius="rounded-full"
            data-test-id="member-avatar-20"
            height="h-32"
            img-src="/avatars/karl_komeya.jpg"
            object-styling="object-cover"
            width="w-32"
          />
          <div
            class="member-name mt-1 text-xl font-bold"
            data-testid="member-name"
          >
            Karl Komeya
          </div>
          <div
            class="member-title text-md text-primary-text-muted"
            data-testid="member-title"
          >
            Developer
          </div>
          <div
            class="member-social flex flex-row mt-2"
          >
            <a
              class="social-link"
              data-testid="member-linkedin"
              href="https://www.linkedin.com/in/karl-komeya-a1a64526b/"
              rel="noopener noreferrer"
              target="_blank"
            >
              <!---->
            </a>
            <a
              class="social-link"
              data-testid="member-github"
              href="https://github.com/karlk08"
              rel="noopener noreferrer"
              target="_blank"
            >
              <!---->
            </a>
          </div>
        </div>
      </div>
      <div
        class="members-list grid"
        data-testid="member"
      >
        <div
          class="member flex flex-col items-center text-center"
        >
          <fade-in-transition-image-stub
            alt="Kei Yumino"
            border-radius="rounded-full"
            data-test-id="member-avatar-21"
            height="h-32"
            img-src="/avatars/kei_yumino.jpg"
            object-styling="object-cover"
            width="w-32"
          />
          <div
            class="member-name mt-1 text-xl font-bold"
            data-testid="member-name"
          >
            Kei Yumino
          </div>
          <div
            class="member-title text-md text-primary-text-muted"
            data-testid="member-title"
          >
            Design
          </div>
          <div
            class="member-social flex flex-row mt-2"
          >
            <a
              class="social-link"
              data-testid="member-linkedin"
              href="https://www.linkedin.com/in/kei-yumino-86299861/"
              rel="noopener noreferrer"
              target="_blank"
            >
              <!---->
            </a>
            <!--v-if-->
          </div>
        </div>
      </div>
      <div
        class="members-list grid"
        data-testid="member"
      >
        <div
          class="member flex flex-col items-center text-center"
        >
          <fade-in-transition-image-stub
            alt="Lily"
            border-radius="rounded-full"
            data-test-id="member-avatar-22"
            height="h-32"
            img-src="/avatars/lily.jpg"
            object-styling="object-cover"
            width="w-32"
          />
          <div
            class="member-name mt-1 text-xl font-bold"
            data-testid="member-name"
          >
            Lily
          </div>
          <div
            class="member-title text-md text-primary-text-muted"
            data-testid="member-title"
          >
            Developer
          </div>
          <div
            class="member-social flex flex-row mt-2"
          >
            <!--v-if-->
            <a
              class="social-link"
              data-testid="member-github"
              href="https://github.com/Kumaguro3"
              rel="noopener noreferrer"
              target="_blank"
            >
              <!---->
            </a>
          </div>
        </div>
      </div>
      <div
        class="members-list grid"
        data-testid="member"
      >
        <div
          class="member flex flex-col items-center text-center"
        >
          <fade-in-transition-image-stub
            alt="Lisa Broerson"
            border-radius="rounded-full"
            data-test-id="member-avatar-23"
            height="h-32"
            img-src="/avatars/lisa_broersen.jpg"
            object-styling="object-cover"
            width="w-32"
          />
          <div
            class="member-name mt-1 text-xl font-bold"
            data-testid="member-name"
          >
            Lisa Broerson
          </div>
          <div
            class="member-title text-md text-primary-text-muted"
            data-testid="member-title"
          >
            Developer
          </div>
          <div
            class="member-social flex flex-row mt-2"
          >
            <a
              class="social-link"
              data-testid="member-linkedin"
              href="https://www.linkedin.com/in/lisa-broersen/"
              rel="noopener noreferrer"
              target="_blank"
            >
              <!---->
            </a>
            <a
              class="social-link"
              data-testid="member-github"
              href="https://github.com/ljbroersen"
              rel="noopener noreferrer"
              target="_blank"
            >
              <!---->
            </a>
          </div>
        </div>
      </div>
      <div
        class="members-list grid"
        data-testid="member"
      >
        <div
          class="member flex flex-col items-center text-center"
        >
          <fade-in-transition-image-stub
            alt="Lucy Gelderloos"
            border-radius="rounded-full"
            data-test-id="member-avatar-24"
            height="h-32"
            img-src="/avatars/lucy_gelderloos.jpg"
            object-styling="object-cover"
            width="w-32"
          />
          <div
            class="member-name mt-1 text-xl font-bold"
            data-testid="member-name"
          >
            Lucy Gelderloos
          </div>
          <div
            class="member-title text-md text-primary-text-muted"
            data-testid="member-title"
          >
            Developer
          </div>
          <div
            class="member-social flex flex-row mt-2"
          >
            <!--v-if-->
            <a
              class="social-link"
              data-testid="member-github"
              href="https://github.com/lucy-gelderloos"
              rel="noopener noreferrer"
              target="_blank"
            >
              <!---->
            </a>
          </div>
        </div>
      </div>
      <div
        class="members-list grid"
        data-testid="member"
      >
        <div
          class="member flex flex-col items-center text-center"
        >
          <fade-in-transition-image-stub
            alt="Matthew Kurtti"
            border-radius="rounded-full"
            data-test-id="member-avatar-25"
            height="h-32"
            img-src="/avatars/matthew_kurtti.jpg"
            object-styling="object-cover"
            width="w-32"
          />
          <div
            class="member-name mt-1 text-xl font-bold"
            data-testid="member-name"
          >
            Matthew Kurtti
          </div>
          <div
            class="member-title text-md text-primary-text-muted"
            data-testid="member-title"
          >
            Developer
          </div>
          <div
            class="member-social flex flex-row mt-2"
          >
            <a
              class="social-link"
              data-testid="member-linkedin"
              href="https://www.linkedin.com/in/matthew-kurtti-737ab2123/"
              rel="noopener noreferrer"
              target="_blank"
            >
              <!---->
            </a>
            <a
              class="social-link"
              data-testid="member-github"
              href="https://github.com/matthewkurtti"
              rel="noopener noreferrer"
              target="_blank"
            >
              <!---->
            </a>
          </div>
        </div>
      </div>
      <div
        class="members-list grid"
        data-testid="member"
      >
        <div
          class="member flex flex-col items-center text-center"
        >
          <fade-in-transition-image-stub
            alt="Nasira Nebi"
            border-radius="rounded-full"
            data-test-id="member-avatar-26"
            height="h-32"
            img-src="/avatars/nasira_nebi.jpg"
            object-styling="object-cover"
            width="w-32"
          />
          <div
            class="member-name mt-1 text-xl font-bold"
            data-testid="member-name"
          >
            Nasira Nebi
          </div>
          <div
            class="member-title text-md text-primary-text-muted"
            data-testid="member-title"
          >
            Developer
          </div>
          <div
            class="member-social flex flex-row mt-2"
          >
            <a
              class="social-link"
              data-testid="member-linkedin"
              href="https://www.linkedin.com/in/nasira-nebi/"
              rel="noopener noreferrer"
              target="_blank"
            >
              <!---->
            </a>
            <a
              class="social-link"
              data-testid="member-github"
              href="https://github.com/nasiranebi914"
              rel="noopener noreferrer"
              target="_blank"
            >
              <!---->
            </a>
          </div>
        </div>
      </div>
      <div
        class="members-list grid"
        data-testid="member"
      >
        <div
          class="member flex flex-col items-center text-center"
        >
          <fade-in-transition-image-stub
            alt="Natalja Dembek"
            border-radius="rounded-full"
            data-test-id="member-avatar-27"
            height="h-32"
            img-src="/avatars/natalja_dembek.jpg"
            object-styling="object-cover"
            width="w-32"
          />
          <div
            class="member-name mt-1 text-xl font-bold"
            data-testid="member-name"
          >
            Natalja Dembek
          </div>
          <div
            class="member-title text-md text-primary-text-muted"
            data-testid="member-title"
          >
            UI/UX Designer
          </div>
          <div
            class="member-social flex flex-row mt-2"
          >
            <a
              class="social-link"
              data-testid="member-linkedin"
              href="https://www.linkedin.com/in/nataljadembek/"
              rel="noopener noreferrer"
              target="_blank"
            >
              <!---->
            </a>
            <a
              class="social-link"
              data-testid="member-github"
              href="https://github.com/Ntlja"
              rel="noopener noreferrer"
              target="_blank"
            >
              <!---->
            </a>
          </div>
        </div>
      </div>
      <div
        class="members-list grid"
        data-testid="member"
      >
        <div
          class="member flex flex-col items-center text-center"
        >
          <fade-in-transition-image-stub
            alt="Nathaniel Smith"
            border-radius="rounded-full"
            data-test-id="member-avatar-28"
            height="h-32"
            img-src="/avatars/nathaniel_smith.jpg"
            object-styling="object-cover"
            width="w-32"
          />
          <div
            class="member-name mt-1 text-xl font-bold"
            data-testid="member-name"
          >
            Nathaniel Smith
          </div>
          <div
            class="member-title text-md text-primary-text-muted"
            data-testid="member-title"
          >
            Developer
          </div>
          <div
            class="member-social flex flex-row mt-2"
          >
            <a
              class="social-link"
              data-testid="member-linkedin"
              href="https://www.linkedin.com/in/nathaniel-damien-smith/"
              rel="noopener noreferrer"
              target="_blank"
            >
              <!---->
            </a>
            <a
              class="social-link"
              data-testid="member-github"
              href="https://github.com/NathanielDSmith"
              rel="noopener noreferrer"
              target="_blank"
            >
              <!---->
            </a>
          </div>
        </div>
      </div>
      <div
        class="members-list grid"
        data-testid="member"
      >
        <div
          class="member flex flex-col items-center text-center"
        >
          <fade-in-transition-image-stub
            alt="Olivier Lechevalier"
            border-radius="rounded-full"
            data-test-id="member-avatar-29"
            height="h-32"
            img-src="/avatars/olivier_lechevalier.jpg"
            object-styling="object-cover"
            width="w-32"
          />
          <div
            class="member-name mt-1 text-xl font-bold"
            data-testid="member-name"
          >
            Olivier Lechevalier
          </div>
          <div
            class="member-title text-md text-primary-text-muted"
            data-testid="member-title"
          >
            Developer
          </div>
          <div
            class="member-social flex flex-row mt-2"
          >
            <a
              class="social-link"
              data-testid="member-linkedin"
              href="https://www.linkedin.com/in/olechevalier/"
              rel="noopener noreferrer"
              target="_blank"
            >
              <!---->
            </a>
            <a
              class="social-link"
              data-testid="member-github"
              href="https://github.com/RageZBla"
              rel="noopener noreferrer"
              target="_blank"
            >
              <!---->
            </a>
          </div>
        </div>
      </div>
      <div
        class="members-list grid"
        data-testid="member"
      >
        <div
          class="member flex flex-col items-center text-center"
        >
          <fade-in-transition-image-stub
            alt="Preston Boardman"
            border-radius="rounded-full"
            data-test-id="member-avatar-30"
            height="h-32"
            img-src="/avatars/preston_boardman.jpg"
            object-styling="object-cover"
            width="w-32"
          />
          <div
            class="member-name mt-1 text-xl font-bold"
            data-testid="member-name"
          >
            Preston Boardman
          </div>
          <div
            class="member-title text-md text-primary-text-muted"
            data-testid="member-title"
          >
            Developer
          </div>
          <div
            class="member-social flex flex-row mt-2"
          >
            <a
              class="social-link"
              data-testid="member-linkedin"
              href="https://www.linkedin.com/in/preston-boardman-8210a671/"
              rel="noopener noreferrer"
              target="_blank"
            >
              <!---->
            </a>
            <a
              class="social-link"
              data-testid="member-github"
              href="https://github.com/prestonb91"
              rel="noopener noreferrer"
              target="_blank"
            >
              <!---->
            </a>
          </div>
        </div>
      </div>
      <div
        class="members-list grid"
        data-testid="member"
      >
        <div
          class="member flex flex-col items-center text-center"
        >
          <fade-in-transition-image-stub
            alt="Reezan"
            border-radius="rounded-full"
            data-test-id="member-avatar-31"
            height="h-32"
            img-src="/avatars/reezan.jpg"
            object-styling="object-cover"
            width="w-32"
          />
          <div
            class="member-name mt-1 text-xl font-bold"
            data-testid="member-name"
          >
            Reezan
          </div>
          <div
            class="member-title text-md text-primary-text-muted"
            data-testid="member-title"
          >
            Developer
          </div>
          <div
            class="member-social flex flex-row mt-2"
          >
            <!--v-if-->
            <a
              class="social-link"
              data-testid="member-github"
              href="https://github.com/ReeAya"
              rel="noopener noreferrer"
              target="_blank"
            >
              <!---->
            </a>
          </div>
        </div>
      </div>
      <div
        class="members-list grid"
        data-testid="member"
      >
        <div
          class="member flex flex-col items-center text-center"
        >
          <fade-in-transition-image-stub
            alt="Shashank Dangi"
            border-radius="rounded-full"
            data-test-id="member-avatar-32"
            height="h-32"
            img-src="/avatars/shashank_dangi.jpg"
            object-styling="object-cover"
            width="w-32"
          />
          <div
            class="member-name mt-1 text-xl font-bold"
            data-testid="member-name"
          >
            Shashank Dangi
          </div>
          <div
            class="member-title text-md text-primary-text-muted"
            data-testid="member-title"
          >
            Developer
          </div>
          <div
            class="member-social flex flex-row mt-2"
          >
            <a
              class="social-link"
              data-testid="member-linkedin"
              href="https://www.linkedin.com/in/shashank-dangi/"
              rel="noopener noreferrer"
              target="_blank"
            >
              <!---->
            </a>
            <a
              class="social-link"
              data-testid="member-github"
              href="https://github.com/shashankdangi"
              rel="noopener noreferrer"
              target="_blank"
            >
              <!---->
            </a>
          </div>
        </div>
      </div>
      <div
        class="members-list grid"
        data-testid="member"
      >
        <div
          class="member flex flex-col items-center text-center"
        >
          <fade-in-transition-image-stub
            alt="Shingo Toyoda"
            border-radius="rounded-full"
            data-test-id="member-avatar-33"
            height="h-32"
            img-src="/avatars/shingo_toyoda.jpg"
            object-styling="object-cover"
            width="w-32"
          />
          <div
            class="member-name mt-1 text-xl font-bold"
            data-testid="member-name"
          >
            Shingo Toyoda
          </div>
          <div
            class="member-title text-md text-primary-text-muted"
            data-testid="member-title"
          >
            Language Support
          </div>
          <div
            class="member-social flex flex-row mt-2"
          >
            <!--v-if-->
            <!--v-if-->
          </div>
        </div>
      </div>
      <div
        class="members-list grid"
        data-testid="member"
      >
        <div
          class="member flex flex-col items-center text-center"
        >
          <fade-in-transition-image-stub
            alt="Sulaymane Sillah"
            border-radius="rounded-full"
            data-test-id="member-avatar-34"
            height="h-32"
            img-src="/avatars/sulaymane_sillah.jpg"
            object-styling="object-cover"
            width="w-32"
          />
          <div
            class="member-name mt-1 text-xl font-bold"
            data-testid="member-name"
          >
            Sulaymane Sillah
          </div>
          <div
            class="member-title text-md text-primary-text-muted"
            data-testid="member-title"
          >
            Developer
          </div>
          <div
            class="member-social flex flex-row mt-2"
          >
            <a
              class="social-link"
              data-testid="member-linkedin"
              href="https://www.linkedin.com/in/sulaymanesillah/"
              rel="noopener noreferrer"
              target="_blank"
            >
              <!---->
            </a>
            <a
              class="social-link"
              data-testid="member-github"
              href="https://github.com/Tch4lla"
              rel="noopener noreferrer"
              target="_blank"
            >
              <!---->
            </a>
          </div>
        </div>
      </div>
      <div
        class="members-list grid"
        data-testid="member"
      >
        <div
          class="member flex flex-col items-center text-center"
        >
          <fade-in-transition-image-stub
            alt="Trent Shimamura"
            border-radius="rounded-full"
            data-test-id="member-avatar-35"
            height="h-32"
            img-src="/avatars/trent_shimamura.jpg"
            object-styling="object-cover"
            width="w-32"
          />
          <div
            class="member-name mt-1 text-xl font-bold"
            data-testid="member-name"
          >
            Trent Shimamura
          </div>
          <div
            class="member-title text-md text-primary-text-muted"
            data-testid="member-title"
          >
            Moderation Lead
          </div>
          <div
            class="member-social flex flex-row mt-2"
          >
            <a
              class="social-link"
              data-testid="member-linkedin"
              href="https://www.linkedin.com/in/trent-golden-58811b129/"
              rel="noopener noreferrer"
              target="_blank"
            >
              <!---->
            </a>
            <!--v-if-->
          </div>
        </div>
      </div>
      
    </div>
  </div>
  <!-- NPO Board Section  -->
  <div
    class="flex justify-center items-center"
    data-testid="npo-header-container"
    id="npo-header-container"
  >
    <div
      class="flex w-4/5 my-14"
      data-testid="npo-header"
      id="npo-header"
    >
      <div
        class="flex-1 border-currentColor/70 border self-center"
      />
      <div
        class="text-primary-text text-2xl font-bold mx-4 p-2 whitespace-nowrap"
      >
        about.boardHeader
      </div>
      <div
        class="flex-1 border-currentColor/70 border self-center"
      />
    </div>
  </div>
  <div
    class="flex justify-center items-center"
    data-testid="npo-container"
    id="npo-container"
  >
    <div
      class="grid grid-cols-2 md:grid-cols-4 mx-4 gap-16 pb-10 md:pb-12"
      data-testid="npo"
      id="npo"
    >
      
      <div
        class="members-list grid"
        data-testid="member"
      >
        <div
          class="member flex flex-col items-center text-center"
        >
          <fade-in-transition-image-stub
            alt="William Brammer"
            border-radius="rounded-full"
            data-test-id="member-avatar-0"
            height="h-32"
            img-src="/avatars/william_brammer.jpg"
            object-styling="object-cover"
            width="w-32"
          />
          <div
            class="member-name mt-1 text-xl font-bold"
            data-testid="member-name"
          >
            William Brammer
          </div>
          <div
            class="member-title text-md text-primary-text-muted"
            data-testid="member-title"
          >
            CEO
          </div>
          <div
            class="member-social flex flex-row mt-2"
          >
            <a
              class="social-link"
              data-testid="member-linkedin"
              href="https://www.linkedin.com/in/william-brammer/"
              rel="noopener noreferrer"
              target="_blank"
            >
              <!---->
            </a>
            <a
              class="social-link"
              data-testid="member-github"
              href="https://github.com/NabbeunNabi"
              rel="noopener noreferrer"
              target="_blank"
            >
              <!---->
            </a>
          </div>
        </div>
      </div>
      <div
        class="members-list grid"
        data-testid="member"
      >
        <div
          class="member flex flex-col items-center text-center"
        >
          <fade-in-transition-image-stub
            alt="Russell Miller"
            border-radius="rounded-full"
            data-test-id="member-avatar-1"
            height="h-32"
            img-src="/avatars/russell_miller.jpg"
            object-styling="object-cover"
            width="w-32"
          />
          <div
            class="member-name mt-1 text-xl font-bold"
            data-testid="member-name"
          >
            Russell Miller
          </div>
          <div
            class="member-title text-md text-primary-text-muted"
            data-testid="member-title"
          >
            President
          </div>
          <div
            class="member-social flex flex-row mt-2"
          >
            <a
              class="social-link"
              data-testid="member-linkedin"
              href="https://www.linkedin.com/in/russell-miller-51a5136b/"
              rel="noopener noreferrer"
              target="_blank"
            >
              <!---->
            </a>
            <!--v-if-->
          </div>
        </div>
      </div>
      <div
        class="members-list grid"
        data-testid="member"
      >
        <div
          class="member flex flex-col items-center text-center"
        >
          <fade-in-transition-image-stub
            alt="Niaya Harper Igarashi"
            border-radius="rounded-full"
            data-test-id="member-avatar-2"
            height="h-32"
            img-src="/avatars/niaya_harper_igarashi.jpg"
            object-styling="object-cover"
            width="w-32"
          />
          <div
            class="member-name mt-1 text-xl font-bold"
            data-testid="member-name"
          >
            Niaya Harper Igarashi
          </div>
          <div
            class="member-title text-md text-primary-text-muted"
            data-testid="member-title"
          >
            Vice President
          </div>
          <div
            class="member-social flex flex-row mt-2"
          >
            <a
              class="social-link"
              data-testid="member-linkedin"
              href="https://www.linkedin.com/in/niayaharper/r"
              rel="noopener noreferrer"
              target="_blank"
            >
              <!---->
            </a>
            <!--v-if-->
          </div>
        </div>
      </div>
      <div
        class="members-list grid"
        data-testid="member"
      >
        <div
          class="member flex flex-col items-center text-center"
        >
          <fade-in-transition-image-stub
            alt="LaShawn Toyoda"
            border-radius="rounded-full"
            data-test-id="member-avatar-3"
            height="h-32"
            img-src="/avatars/lashawn_toyoda.jpg"
            object-styling="object-cover"
            width="w-32"
          />
          <div
            class="member-name mt-1 text-xl font-bold"
            data-testid="member-name"
          >
            LaShawn Toyoda
          </div>
          <div
            class="member-title text-md text-primary-text-muted"
            data-testid="member-title"
          >
            Secretary
          </div>
          <div
            class="member-social flex flex-row mt-2"
          >
            <a
              class="social-link"
              data-testid="member-linkedin"
              href="https://www.linkedin.com/in/lashawn-toyoda/"
              rel="noopener noreferrer"
              target="_blank"
            >
              <!---->
            </a>
            <a
              class="social-link"
              data-testid="member-github"
              href="https://github.com/theyokohamalife/"
              rel="noopener noreferrer"
              target="_blank"
            >
              <!---->
            </a>
          </div>
        </div>
      </div>
      <div
        class="members-list grid"
        data-testid="member"
      >
        <div
          class="member flex flex-col items-center text-center"
        >
          <fade-in-transition-image-stub
            alt="Philip Ermish"
            border-radius="rounded-full"
            data-test-id="member-avatar-4"
            height="h-32"
            img-src="/avatars/philip_ermish.jpg"
            object-styling="object-cover"
            width="w-32"
          />
          <div
            class="member-name mt-1 text-xl font-bold"
            data-testid="member-name"
          >
            Philip Ermish
          </div>
          <div
            class="member-title text-md text-primary-text-muted"
            data-testid="member-title"
          >
            Tech Lead
          </div>
          <div
            class="member-social flex flex-row mt-2"
          >
            <a
              class="social-link"
              data-testid="member-linkedin"
              href="https://www.linkedin.com/in/philipermish"
              rel="noopener noreferrer"
              target="_blank"
            >
              <!---->
            </a>
            <a
              class="social-link"
              data-testid="member-github"
              href="https://github.com/ermish"
              rel="noopener noreferrer"
              target="_blank"
            >
              <!---->
            </a>
          </div>
        </div>
      </div>
      <div
        class="members-list grid"
        data-testid="member"
      >
        <div
          class="member flex flex-col items-center text-center"
        >
          <fade-in-transition-image-stub
            alt="Kuniko Arita"
            border-radius="rounded-full"
            data-test-id="member-avatar-5"
            height="h-32"
            img-src="/avatars/kuniko_arita.jpg"
            object-styling="object-cover"
            width="w-32"
          />
          <div
            class="member-name mt-1 text-xl font-bold"
            data-testid="member-name"
          >
            Kuniko Arita
          </div>
          <div
            class="member-title text-md text-primary-text-muted"
            data-testid="member-title"
          >
            Medical & Social Welfare Expert
          </div>
          <div
            class="member-social flex flex-row mt-2"
          >
            <!--v-if-->
            <!--v-if-->
          </div>
        </div>
      </div>
      <div
        class="members-list grid"
        data-testid="member"
      >
        <div
          class="member flex flex-col items-center text-center"
        >
          <fade-in-transition-image-stub
            alt="Aya Yumino, MD"
            border-radius="rounded-full"
            data-test-id="member-avatar-6"
            height="h-32"
            img-src="/avatars/aya_yumino.jpg"
            object-styling="object-cover"
            width="w-32"
          />
          <div
            class="member-name mt-1 text-xl font-bold"
            data-testid="member-name"
          >
            Aya Yumino, MD
          </div>
          <div
            class="member-title text-md text-primary-text-muted"
            data-testid="member-title"
          >
            Medical & Social Welfare Expert
          </div>
          <div
            class="member-social flex flex-row mt-2"
          >
            <!--v-if-->
            <!--v-if-->
          </div>
        </div>
      </div>
      
    </div>
  </div>
  <!-- Mascot Section  -->
  <div
    class="flex justify-center items-center"
    data-testid="mascot-header-container"
    id="mascot-header-container"
  >
    <div
      class="flex w-4/5 my-14"
      data-testid="mascot-header"
      id="mascot-header"
    >
      <div
        class="flex-1 border-currentColor/70 border self-center"
      />
      <div
        class="text-primary-text text-2xl font-bold mx-4 p-2 whitespace-nowrap"
      >
        about.mascotsHeader
      </div>
      <div
        class="flex-1 border-currentColor/70 border self-center"
      />
    </div>
  </div>
  <div
    class="grid grid-cols-2 md:grid-cols-5 my-0 md:my-12"
  >
    <div
      class="flex flex-col items-center my-8 md:my-0"
    >
      <h1>
        about.mascotsAwa
      </h1>
      <!---->
    </div>
    <div
      class="flex flex-col items-center my-8 md:my-0"
    >
      <h1>
        about.mascotsMichael
      </h1>
      <!---->
    </div>
    <div
      class="flex flex-col items-center my-8 md:my-0"
    >
      <h1>
        about.mascotsTamika
      </h1>
      <!---->
    </div>
    <div
      class="flex flex-col items-center my-8 md:my-0"
    >
      <h1>
        about.mascotsSachi
      </h1>
      <!---->
    </div>
    <div
      class="flex flex-col items-center my-8 md:my-0 md:mt-10"
    >
      <h1>
        about.mascotsChiko
      </h1>
      <!---->
    </div>
  </div>
  <!-- Get Involved section  -->
  <div
    class="flex justify-center items-center"
    data-testid="involve-header-container"
    id="involve-header-container"
  >
    <div
      class="flex w-4/5 my-14"
      data-testid="involve-header"
      id="involve-header"
    >
      <div
        class="flex-1 border-currentColor/70 border self-center"
      />
      <div
        class="text-primary-text text-2xl font-bold mx-4 p-2 whitespace-nowrap"
      >
        about.involveHeader
      </div>
      <div
        class="flex-1 border-currentColor/70 border self-center"
      />
    </div>
  </div>
  <div
    class="mb-14 grid grid-cols-2 pb-32 md:grid-cols-4 md:gap-0 md:pb-16"
  >
    <div
      class="flex flex-col items-center my-6 md:my-0"
    >
      <!---->
      <nuxt-link-stub
        class="hover:text-primary-hover text-lg font-bold underline transition-colors"
        to="/submit"
      />
    </div>
    <div
      class="flex flex-col items-center my-6 md:my-0"
    >
      <!---->
      <a
        class="underline font-bold hover:text-primary-hover text-lg transition-colors"
        href="https://github.com/ourjapanlife"
        target="_blank"
      >
        about.involveGit
      </a>
    </div>
    <div
      class="flex flex-col items-center my-6 md:my-0"
    >
      <!---->
      <a
        class="underline font-bold hover:text-primary-hover text-lg transition-colors"
        href="https://www.linkedin.com/company/find-a-doc-japan/"
        target="_blank"
      >
        about.involveLinkedin
      </a>
    </div>
    <div
      class="flex flex-col items-center my-6 md:my-0"
    >
      <!---->
      <a
        class="underline font-bold hover:text-primary-hover text-lg transition-colors"
        href="https://docs.google.com/forms/d/e/1FAIpQLScx9cXurA6BhbBPUFH2nFAVWPP6Pm3yqXQj-NvJiaI2CUhh0Q/viewform"
        target="_blank"
      >
        about.involveFeedback
      </a>
    </div>
  </div>
  <!-- Back to Top Button  -->
  <transition-stub
    appear="false"
    css="true"
    enteractiveclass="transition ease-out duration-300"
    enterfromclass="opacity-0 translate-y-3"
    entertoclass="opacity-100 translate-y-0"
    leaveactiveclass="transition ease-in duration-200"
    leavefromclass="opacity-100 translate-y-0"
    leavetoclass="opacity-0 translate-y-3"
    persisted="true"
  >
    <a
      class="fixed bottom-0 right-0 z-50 md:bottom-2"
      style="display: none;"
    >
      <!---->
    </a>
  </transition-stub>
</div>
`;
